[Sat Apr 18 19:31:11 UTC 2026] Starting iteration...
Switched to branch 'aks_kv_cache_router'
Fetching PR comments...
Making general improvements...
Committing changes...
[aks_kv_cache_router 5212218] Address PR #211 comments and make general improvements (2026-04-18 19:31:12 UTC)
 5 files changed, 109 insertions(+), 4 deletions(-)
 create mode 100644 .seen_pr_comments
 create mode 100644 pr211_loop.log
 create mode 100755 pr211_loop.sh
remote: 
remote: GitHub found 8 vulnerabilities on NVIDIA/nim-deploy's default branch (3 high, 3 moderate, 2 low). To find out more, visit:        
remote:      https://github.com/NVIDIA/nim-deploy/security/dependabot        
remote: 
To https://github.com/NVIDIA/nim-deploy.git
   13c257c..5212218  aks_kv_cache_router -> aks_kv_cache_router
Push completed.
[Sat Apr 18 19:31:13 UTC 2026] Iteration complete. Sleeping for 300 seconds.
[Sat Apr 18 19:36:13 UTC 2026] Starting iteration...
Already on 'aks_kv_cache_router'
M	pr211_loop.log
Fetching PR comments...
Making general improvements...
Committing changes...
[aks_kv_cache_router fcd897b] Address PR #211 comments and make general improvements (2026-04-18 19:36:14 UTC)
 1 file changed, 19 insertions(+)
remote: 
remote: GitHub found 8 vulnerabilities on NVIDIA/nim-deploy's default branch (3 high, 3 moderate, 2 low). To find out more, visit:        
remote:      https://github.com/NVIDIA/nim-deploy/security/dependabot        
remote: 
To https://github.com/NVIDIA/nim-deploy.git
   5212218..fcd897b  aks_kv_cache_router -> aks_kv_cache_router
Push completed.
[Sat Apr 18 19:36:15 UTC 2026] Iteration complete. Sleeping for 300 seconds.
[Sat Apr 18 19:41:15 UTC 2026] Starting iteration...
Already on 'aks_kv_cache_router'
M	pr211_loop.log
Fetching PR comments...
Making general improvements...
Committing changes...
[aks_kv_cache_router c0a6115] Address PR #211 comments and make general improvements (2026-04-18 19:41:16 UTC)
 1 file changed, 16 insertions(+)
remote: 
remote: GitHub found 8 vulnerabilities on NVIDIA/nim-deploy's default branch (3 high, 3 moderate, 2 low). To find out more, visit:        
remote:      https://github.com/NVIDIA/nim-deploy/security/dependabot        
remote: 
To https://github.com/NVIDIA/nim-deploy.git
   fcd897b..c0a6115  aks_kv_cache_router -> aks_kv_cache_router
Push completed.
[Sat Apr 18 19:41:17 UTC 2026] Iteration complete. Sleeping for 300 seconds.
[Sat Apr 18 19:46:17 UTC 2026] Starting iteration...
Already on 'aks_kv_cache_router'
M	pr211_loop.log
Fetching PR comments...
Making general improvements...
Committing changes...
